// Jest Snapshot v1, https://goo.gl/fbAQLP

exports[`should match the snapshot 1`] = `
<section
  className="restaurant-card"
>
  <section
    className="card-description"
  >
    <h2>
      Old Hickory Steakhouse
    </h2>
    <main>
      <p
        className="genre"
        key="Steak0"
      >
        Steak
      </p>
      <p
        className="genre"
        key="American1"
      >
        American
      </p>
      <p
        className="genre"
        key="Contemporary2"
      >
        Contemporary
      </p>
      <p
        className="genre"
        key="Seafood3"
      >
        Seafood
      </p>
      <p
        className="genre"
        key="Cafe4"
      >
        Cafe
      </p>
    </main>
  </section>
  <section
    className="card-information"
  >
    <p
      className="location"
    >
      Oxon Hill, MD
    </p>
    <p
      className="phone"
    >
      (301) 965-4000
    </p>
  </section>
</section>
`;
