// Jest Snapshot v1, https://goo.gl/fbAQLP

exports[`Pagination should match the snapshot 1`] = `
<footer
  className="pagination"
>
  <button
    className="pagination-btn"
    onClick={[Function]}
    style={
      Object {
        "opacity": "1",
      }
    }
  >
    Previous page
  </button>
  <p
    className="pages"
  >
    2 / 6
  </p>
  <button
    className="pagination-btn"
    onClick={[Function]}
    style={
      Object {
        "opacity": "1",
      }
    }
  >
    Next page
  </button>
</footer>
`;
